   1                             	r8	=	0xffef0
   2                             	r16	=	0xffee8
   3                             	r24	=	0xffee0
   4                             	r9	=	0xffef1
   5                             	r17	=	0xffee9
   6                             	r25	=	0xffee1
   7                             	r10	=	0xffef2
   8                             	r18	=	0xffeea
   9                             	r26	=	0xffee2
  10                             	r11	=	0xffef3
  11                             	r19	=	0xffeeb
  12                             	r27	=	0xffee3
  13                             	r12	=	0xffef4
  14                             	r20	=	0xffeec
  15                             	r28	=	0xffee4
  16                             	r13	=	0xffef5
  17                             	r21	=	0xffeed
  18                             	r29	=	0xffee5
  19                             	r14	=	0xffef6
  20                             	r22	=	0xffeee
  21                             	r30	=	0xffee6
  22                             	r15	=	0xffef7
  23                             	r23	=	0xffeef
  24                             	r31	=	0xffee7
  25                             	MDUC	=	0xf00e8
  26                             	MDAL	=	0xffff0
  27                             	MDAH	=	0xffff2
  28                             	MDBL	=	0xffff6
  29                             	MDBH	=	0xffff4
  30                             	MDCL	=	0xf00e0
  31                             	MDCH	=	0xf00e2
  32                             	.text
  33                             	.Ltext0:
  34                             		.global	_r_uart0_interrupt_send
  36                             	_r_uart0_interrupt_send:
  37                             	.LFB0:
  38                             		.file 1 "../src/r_cg_serial_user.c"
   1:../src/r_cg_serial_user.c **** /**************************************************************************************************
   2:../src/r_cg_serial_user.c **** * DISCLAIMER
   3:../src/r_cg_serial_user.c **** * This software is supplied by Renesas Electronics Corporation and is only intended for use with Re
   4:../src/r_cg_serial_user.c **** * No other uses are authorized. This software is owned by Renesas Electronics Corporation and is pr
   5:../src/r_cg_serial_user.c **** * applicable laws, including copyright laws. 
   6:../src/r_cg_serial_user.c **** * THIS SOFTWARE IS PROVIDED "AS IS" AND RENESAS MAKES NO WARRANTIESREGARDING THIS SOFTWARE, WHETHER
   7:../src/r_cg_serial_user.c **** * OR STATUTORY, INCLUDING BUT NOT LIMITED TO WARRANTIES OF MERCHANTABILITY, FITNESS FOR A PARTICULA
   8:../src/r_cg_serial_user.c **** * NON-INFRINGEMENT.  ALL SUCH WARRANTIES ARE EXPRESSLY DISCLAIMED.TO THE MAXIMUM EXTENT PERMITTED N
   9:../src/r_cg_serial_user.c **** * LAW, NEITHER RENESAS ELECTRONICS CORPORATION NOR ANY OF ITS AFFILIATED COMPANIES SHALL BE LIABLE 
  10:../src/r_cg_serial_user.c **** * INDIRECT, SPECIAL, INCIDENTAL OR CONSEQUENTIAL DAMAGES FOR ANY REASON RELATED TO THIS SOFTWARE, E
  11:../src/r_cg_serial_user.c **** * ITS AFFILIATES HAVE BEEN ADVISED OF THE POSSIBILITY OF SUCH DAMAGES.
  12:../src/r_cg_serial_user.c **** * Renesas reserves the right, without notice, to make changes to this software and to discontinue t
  13:../src/r_cg_serial_user.c **** * of this software. By using this software, you agree to the additional terms and conditions found 
  14:../src/r_cg_serial_user.c **** * following link:
  15:../src/r_cg_serial_user.c **** * http://www.renesas.com/disclaimer
  16:../src/r_cg_serial_user.c **** *
  17:../src/r_cg_serial_user.c **** * Copyright (C) 2011, 2016 Renesas Electronics Corporation. All rights reserved.
  18:../src/r_cg_serial_user.c **** ***************************************************************************************************
  19:../src/r_cg_serial_user.c **** 
  20:../src/r_cg_serial_user.c **** /**************************************************************************************************
  21:../src/r_cg_serial_user.c **** * File Name    : r_cg_serial_user.c
  22:../src/r_cg_serial_user.c **** * Version      : CodeGenerator for RL78/G13 V2.03.04.01 [11 Nov 2016]
  23:../src/r_cg_serial_user.c **** * Device(s)    : R5F100AC
  24:../src/r_cg_serial_user.c **** * Tool-Chain   : GCCRL78
  25:../src/r_cg_serial_user.c **** * Description  : This file implements device driver for Serial module.
  26:../src/r_cg_serial_user.c **** * Creation Date: 7/11/2018
  27:../src/r_cg_serial_user.c **** ***************************************************************************************************
  28:../src/r_cg_serial_user.c **** 
  29:../src/r_cg_serial_user.c **** /**************************************************************************************************
  30:../src/r_cg_serial_user.c **** Includes
  31:../src/r_cg_serial_user.c **** ***************************************************************************************************
  32:../src/r_cg_serial_user.c **** #include "r_cg_macrodriver.h"
  33:../src/r_cg_serial_user.c **** #include "r_cg_serial.h"
  34:../src/r_cg_serial_user.c **** /* Start user code for include. Do not edit comment generated here */
  35:../src/r_cg_serial_user.c **** /* End user code. Do not edit comment generated here */
  36:../src/r_cg_serial_user.c **** #include "r_cg_userdefine.h"
  37:../src/r_cg_serial_user.c **** 
  38:../src/r_cg_serial_user.c **** /**************************************************************************************************
  39:../src/r_cg_serial_user.c **** Global variables and functions
  40:../src/r_cg_serial_user.c **** ***************************************************************************************************
  41:../src/r_cg_serial_user.c **** extern volatile uint8_t * gp_uart0_tx_address;         /* uart0 send buffer address */
  42:../src/r_cg_serial_user.c **** extern volatile uint16_t  g_uart0_tx_count;            /* uart0 send data number */
  43:../src/r_cg_serial_user.c **** extern volatile uint8_t * gp_uart0_rx_address;         /* uart0 receive buffer address */
  44:../src/r_cg_serial_user.c **** extern volatile uint16_t  g_uart0_rx_count;            /* uart0 receive data number */
  45:../src/r_cg_serial_user.c **** extern volatile uint16_t  g_uart0_rx_length;           /* uart0 receive data length */
  46:../src/r_cg_serial_user.c **** /* Start user code for global. Do not edit comment generated here */
  47:../src/r_cg_serial_user.c **** /* End user code. Do not edit comment generated here */
  48:../src/r_cg_serial_user.c **** 
  49:../src/r_cg_serial_user.c **** /**************************************************************************************************
  50:../src/r_cg_serial_user.c **** * Function Name: r_uart0_interrupt_send
  51:../src/r_cg_serial_user.c **** * Description  : This function is INTST0 interrupt service routine.
  52:../src/r_cg_serial_user.c **** * Arguments    : None
  53:../src/r_cg_serial_user.c **** * Return Value : None
  54:../src/r_cg_serial_user.c **** ***************************************************************************************************
  55:../src/r_cg_serial_user.c **** void r_uart0_interrupt_send(void)
  56:../src/r_cg_serial_user.c **** {
  39                             		.loc 1 56 0
  40                             		; start of function
  41                             		; push 16: ax bc de hl r8 r10 r12 r14
  42 0000 61 CF                   		sel	rb0
  43 0002 C1                      		push	ax
  44                             	.LCFI0:
  45 0003 C3                      		push	bc
  46                             	.LCFI1:
  47 0004 C5                      		push	de
  48                             	.LCFI2:
  49 0005 C7                      		push	hl
  50                             	.LCFI3:
  51 0006 61 DF                   		sel	rb1
  52 0008 C1                      		push	ax ; r8
  53                             	.LCFI4:
  54 0009 C3                      		push	bc ; r10
  55                             	.LCFI5:
  56 000a C5                      		push	de ; r12
  57                             	.LCFI6:
  58 000b C7                      		push	hl ; r14
  59                             	.LCFI7:
  60 000c 61 CF                   		sel	rb0
  57:../src/r_cg_serial_user.c **** 	tx0Done();
  61                             		.loc 1 57 0
  62 000e FC 00 00 00             		call	!!%code(_tx0Done)
  58:../src/r_cg_serial_user.c **** 			/*if (g_uart0_tx_count > 0U)
  59:../src/r_cg_serial_user.c **** 			{
  60:../src/r_cg_serial_user.c **** 				TXD0 = *gp_uart0_tx_address;
  61:../src/r_cg_serial_user.c **** 				gp_uart0_tx_address++;
  62:../src/r_cg_serial_user.c **** 				g_uart0_tx_count--;
  63:../src/r_cg_serial_user.c **** 			}
  64:../src/r_cg_serial_user.c **** 			else
  65:../src/r_cg_serial_user.c **** 			{
  66:../src/r_cg_serial_user.c **** 				r_uart0_callback_sendend();
  67:../src/r_cg_serial_user.c **** 			}*/
  68:../src/r_cg_serial_user.c **** }
  63                             		.loc 1 68 0
  64 0012 61 DF                   		sel	rb1
  65 0014 C6                      		pop	hl ; r14
  66 0015 C4                      		pop	de ; r12
  67 0016 C2                      		pop	bc ; r10
  68 0017 C0                      		pop	ax ; r8
  69 0018 61 CF                   		sel	rb0
  70 001a C6                      		pop	hl
  71 001b C4                      		pop	de
  72 001c C2                      		pop	bc
  73 001d C0                      		pop	ax
  74 001e 61 FC                   		reti
  75                             	.LFE0:
  78                             	_r_uart0_callback_sendend:
  79                             	.LFB1:
  69:../src/r_cg_serial_user.c **** 
  70:../src/r_cg_serial_user.c **** /**************************************************************************************************
  71:../src/r_cg_serial_user.c **** * Function Name: r_uart0_callback_sendend
  72:../src/r_cg_serial_user.c **** * Description  : This function is a callback function when UART0 finishes transmission.
  73:../src/r_cg_serial_user.c **** * Arguments    : None
  74:../src/r_cg_serial_user.c **** * Return Value : None
  75:../src/r_cg_serial_user.c **** ***************************************************************************************************
  76:../src/r_cg_serial_user.c **** static void r_uart0_callback_sendend(void)
  77:../src/r_cg_serial_user.c **** {
  80                             		.loc 1 77 0
  78:../src/r_cg_serial_user.c ****     /* Start user code. Do not edit comment generated here */
  79:../src/r_cg_serial_user.c ****     /* End user code. Do not edit comment generated here */
  80:../src/r_cg_serial_user.c **** }
  81                             		.loc 1 80 0
  82 0020 D7                      		ret
  83                             	.LFE1:
 167                             	.Letext0:
