Archive member included because of file (symbol)

libtest.a(_strlen.o)          ./src/UART.o (strlen)
libtest.a(sprintf.o)          ./src/OW.o (sprintf)
libtest.a(frmwri.o)           libtest.a(sprintf.o) (_formatted_write)
C:\PROGRA~2\GCCFOR~1.201\rl78-elf\rl78-elf/lib/gcc/rl78-elf/4.9.2.201703-GNURL78/g13\libgcc.a(_sf_to_df.o)
                              libtest.a(frmwri.o) (__extendsfdf2)
C:\PROGRA~2\GCCFOR~1.201\rl78-elf\rl78-elf/lib/gcc/rl78-elf/4.9.2.201703-GNURL78/g13\libgcc.a(_addsub_df.o)
                              libtest.a(frmwri.o) (__subdf3)
C:\PROGRA~2\GCCFOR~1.201\rl78-elf\rl78-elf/lib/gcc/rl78-elf/4.9.2.201703-GNURL78/g13\libgcc.a(_mul_df.o)
                              libtest.a(frmwri.o) (__muldf3)
C:\PROGRA~2\GCCFOR~1.201\rl78-elf\rl78-elf/lib/gcc/rl78-elf/4.9.2.201703-GNURL78/g13\libgcc.a(_div_df.o)
                              libtest.a(frmwri.o) (__divdf3)
C:\PROGRA~2\GCCFOR~1.201\rl78-elf\rl78-elf/lib/gcc/rl78-elf/4.9.2.201703-GNURL78/g13\libgcc.a(_ne_df.o)
                              libtest.a(frmwri.o) (__nedf2)
C:\PROGRA~2\GCCFOR~1.201\rl78-elf\rl78-elf/lib/gcc/rl78-elf/4.9.2.201703-GNURL78/g13\libgcc.a(_ge_df.o)
                              libtest.a(frmwri.o) (__gedf2)
C:\PROGRA~2\GCCFOR~1.201\rl78-elf\rl78-elf/lib/gcc/rl78-elf/4.9.2.201703-GNURL78/g13\libgcc.a(_lt_df.o)
                              libtest.a(frmwri.o) (__ltdf2)
C:\PROGRA~2\GCCFOR~1.201\rl78-elf\rl78-elf/lib/gcc/rl78-elf/4.9.2.201703-GNURL78/g13\libgcc.a(_le_df.o)
                              libtest.a(frmwri.o) (__ledf2)
C:\PROGRA~2\GCCFOR~1.201\rl78-elf\rl78-elf/lib/gcc/rl78-elf/4.9.2.201703-GNURL78/g13\libgcc.a(_si_to_df.o)
                              libtest.a(frmwri.o) (__floatsidf)
C:\PROGRA~2\GCCFOR~1.201\rl78-elf\rl78-elf/lib/gcc/rl78-elf/4.9.2.201703-GNURL78/g13\libgcc.a(_df_to_si.o)
                              libtest.a(frmwri.o) (__fixdfsi)
C:\PROGRA~2\GCCFOR~1.201\rl78-elf\rl78-elf/lib/gcc/rl78-elf/4.9.2.201703-GNURL78/g13\libgcc.a(_make_df.o)
                              C:\PROGRA~2\GCCFOR~1.201\rl78-elf\rl78-elf/lib/gcc/rl78-elf/4.9.2.201703-GNURL78/g13\libgcc.a(_sf_to_df.o) (__make_dp)
C:\PROGRA~2\GCCFOR~1.201\rl78-elf\rl78-elf/lib/gcc/rl78-elf/4.9.2.201703-GNURL78/g13\libgcc.a(_thenan_df.o)
                              C:\PROGRA~2\GCCFOR~1.201\rl78-elf\rl78-elf/lib/gcc/rl78-elf/4.9.2.201703-GNURL78/g13\libgcc.a(_addsub_df.o) (__thenan_df)
C:\PROGRA~2\GCCFOR~1.201\rl78-elf\rl78-elf/lib/gcc/rl78-elf/4.9.2.201703-GNURL78/g13\libgcc.a(divmodhi.o)
                              libtest.a(frmwri.o) (__divmodhi4)
C:\PROGRA~2\GCCFOR~1.201\rl78-elf\rl78-elf/lib/gcc/rl78-elf/4.9.2.201703-GNURL78/g13\libgcc.a(divmodsi.o)
                              libtest.a(frmwri.o) (__udivsi3)
C:\PROGRA~2\GCCFOR~1.201\rl78-elf\rl78-elf/lib/gcc/rl78-elf/4.9.2.201703-GNURL78/g13\libgcc.a(bit-count.o)
                              C:\PROGRA~2\GCCFOR~1.201\rl78-elf\rl78-elf/lib/gcc/rl78-elf/4.9.2.201703-GNURL78/g13\libgcc.a(_si_to_df.o) (__clzsi2)
C:\PROGRA~2\GCCFOR~1.201\rl78-elf\rl78-elf/lib/gcc/rl78-elf/4.9.2.201703-GNURL78/g13\libgcc.a(adddi3.o)
                              C:\PROGRA~2\GCCFOR~1.201\rl78-elf\rl78-elf/lib/gcc/rl78-elf/4.9.2.201703-GNURL78/g13\libgcc.a(_addsub_df.o) (__adddi3)
C:\PROGRA~2\GCCFOR~1.201\rl78-elf\rl78-elf/lib/gcc/rl78-elf/4.9.2.201703-GNURL78/g13\libgcc.a(subdi3.o)
                              C:\PROGRA~2\GCCFOR~1.201\rl78-elf\rl78-elf/lib/gcc/rl78-elf/4.9.2.201703-GNURL78/g13\libgcc.a(_addsub_df.o) (__subdi3)
C:\PROGRA~2\GCCFOR~1.201\rl78-elf\rl78-elf/lib/gcc/rl78-elf/4.9.2.201703-GNURL78/g13\libgcc.a(negabssi2.o)
                              libtest.a(frmwri.o) (__negsi2)
C:\PROGRA~2\GCCFOR~1.201\rl78-elf\rl78-elf/lib/gcc/rl78-elf/4.9.2.201703-GNURL78/g13\libgcc.a(negdi2.o)
                              C:\PROGRA~2\GCCFOR~1.201\rl78-elf\rl78-elf/lib/gcc/rl78-elf/4.9.2.201703-GNURL78/g13\libgcc.a(_addsub_df.o) (__negdi2)
C:\PROGRA~2\GCCFOR~1.201\rl78-elf\rl78-elf/lib/gcc/rl78-elf/4.9.2.201703-GNURL78/g13\libgcc.a(abshi2.o)
                              C:\PROGRA~2\GCCFOR~1.201\rl78-elf\rl78-elf/lib/gcc/rl78-elf/4.9.2.201703-GNURL78/g13\libgcc.a(_addsub_df.o) (__abshi2)
C:\PROGRA~2\GCCFOR~1.201\rl78-elf\rl78-elf/lib/gcc/rl78-elf/4.9.2.201703-GNURL78/g13\libgcc.a(anddi3.o)
                              C:\PROGRA~2\GCCFOR~1.201\rl78-elf\rl78-elf/lib/gcc/rl78-elf/4.9.2.201703-GNURL78/g13\libgcc.a(_addsub_df.o) (__anddi3)
C:\PROGRA~2\GCCFOR~1.201\rl78-elf\rl78-elf/lib/gcc/rl78-elf/4.9.2.201703-GNURL78/g13\libgcc.a(iordi3.o)
                              C:\PROGRA~2\GCCFOR~1.201\rl78-elf\rl78-elf/lib/gcc/rl78-elf/4.9.2.201703-GNURL78/g13\libgcc.a(_addsub_df.o) (__iordi3)
C:\PROGRA~2\GCCFOR~1.201\rl78-elf\rl78-elf/lib/gcc/rl78-elf/4.9.2.201703-GNURL78/g13\libgcc.a(cmpdi2.o)
                              C:\PROGRA~2\GCCFOR~1.201\rl78-elf\rl78-elf/lib/gcc/rl78-elf/4.9.2.201703-GNURL78/g13\libgcc.a(_addsub_df.o) (__ucmpdi2)
C:\PROGRA~2\GCCFOR~1.201\rl78-elf\rl78-elf/lib/gcc/rl78-elf/4.9.2.201703-GNURL78/g13\libgcc.a(ashldi3.o)
                              C:\PROGRA~2\GCCFOR~1.201\rl78-elf\rl78-elf/lib/gcc/rl78-elf/4.9.2.201703-GNURL78/g13\libgcc.a(_sf_to_df.o) (__ashldi3)
C:\PROGRA~2\GCCFOR~1.201\rl78-elf\rl78-elf/lib/gcc/rl78-elf/4.9.2.201703-GNURL78/g13\libgcc.a(lshrdi3.o)
                              C:\PROGRA~2\GCCFOR~1.201\rl78-elf\rl78-elf/lib/gcc/rl78-elf/4.9.2.201703-GNURL78/g13\libgcc.a(_addsub_df.o) (__lshrdi3)
C:\PROGRA~2\GCCFOR~1.201\rl78-elf\rl78-elf/lib/gcc/rl78-elf/4.9.2.201703-GNURL78/g13\libgcc.a(mulhi3.o)
                              libtest.a(frmwri.o) (__mulhi3)
C:\PROGRA~2\GCCFOR~1.201\rl78-elf\rl78-elf/lib/gcc/rl78-elf/4.9.2.201703-GNURL78/g13\libgcc.a(muldi3.o)
                              C:\PROGRA~2\GCCFOR~1.201\rl78-elf\rl78-elf/lib/gcc/rl78-elf/4.9.2.201703-GNURL78/g13\libgcc.a(_mul_df.o) (__muldi3)
C:\PROGRA~2\GCCFOR~1.201\rl78-elf\rl78-elf/lib/gcc/rl78-elf/4.9.2.201703-GNURL78/g13\libgcc.a(_unpack_sf.o)
                              C:\PROGRA~2\GCCFOR~1.201\rl78-elf\rl78-elf/lib/gcc/rl78-elf/4.9.2.201703-GNURL78/g13\libgcc.a(_sf_to_df.o) (__unpack_f)
C:\PROGRA~2\GCCFOR~1.201\rl78-elf\rl78-elf/lib/gcc/rl78-elf/4.9.2.201703-GNURL78/g13\libgcc.a(_pack_df.o)
                              C:\PROGRA~2\GCCFOR~1.201\rl78-elf\rl78-elf/lib/gcc/rl78-elf/4.9.2.201703-GNURL78/g13\libgcc.a(_addsub_df.o) (__pack_d)
C:\PROGRA~2\GCCFOR~1.201\rl78-elf\rl78-elf/lib/gcc/rl78-elf/4.9.2.201703-GNURL78/g13\libgcc.a(_unpack_df.o)
                              C:\PROGRA~2\GCCFOR~1.201\rl78-elf\rl78-elf/lib/gcc/rl78-elf/4.9.2.201703-GNURL78/g13\libgcc.a(_addsub_df.o) (__unpack_d)
C:\PROGRA~2\GCCFOR~1.201\rl78-elf\rl78-elf/lib/gcc/rl78-elf/4.9.2.201703-GNURL78/g13\libgcc.a(_fpcmp_parts_df.o)
                              C:\PROGRA~2\GCCFOR~1.201\rl78-elf\rl78-elf/lib/gcc/rl78-elf/4.9.2.201703-GNURL78/g13\libgcc.a(_ne_df.o) (__fpcmp_parts_d)
C:\PROGRA~2\GCCFOR~1.201\rl78-elf\rl78-elf/lib/gcc/rl78-elf/4.9.2.201703-GNURL78/g13\libgcc.a(ashlsi3.o)
                              C:\PROGRA~2\GCCFOR~1.201\rl78-elf\rl78-elf/lib/gcc/rl78-elf/4.9.2.201703-GNURL78/g13\libgcc.a(_unpack_sf.o) (__ashlsi3)
C:\PROGRA~2\GCCFOR~1.201\rl78-elf\rl78-elf/lib/gcc/rl78-elf/4.9.2.201703-GNURL78/g13\libgcc.a(mulhisi3.o)
                              C:\PROGRA~2\GCCFOR~1.201\rl78-elf\rl78-elf/lib/gcc/rl78-elf/4.9.2.201703-GNURL78/g13\libgcc.a(muldi3.o) (__umulhisi3)

Allocating common symbols
Common symbol       size              file

intFlag0            0x2               ./src/UART.o
g_uart0_tx_count    0x2               ./src/r_cg_serial.o
gp_uart0_rx_address
                    0x2               ./src/r_cg_serial.o
g_uart0_rx_count    0x2               ./src/r_cg_serial.o
sec                 0x2               ./src/r_main.o
gp_uart0_tx_address
                    0x2               ./src/r_cg_serial.o
tick                0x2               ./src/r_main.o
OWtimer             0x2               ./src/OW.o
count               0x14              ./src/OW.o
g_uart0_rx_length   0x2               ./src/r_cg_serial.o
errorTimer          0x2               ./src/OW.o

Memory Configuration

Name             Origin             Length             Attributes
VEC              0x00000000         0x00000004
IVEC             0x00000004         0x000000bc
OPT              0x000000c0         0x00000004
SEC_ID           0x000000c4         0x0000000a
OCDSTAD          0x000000ce         0x0000000a
OCDROM           0x00007e00         0x00000200
ROM              0x000000d8         0x00007d28
MIRROR           0x000f2000         0x00005fff
RAM              0x000ff700         0x000007ff
*default*        0x00000000         0xffffffff

Linker script and memory map


.vec            0x00000000        0x4
 *(.vec)
 .vec           0x00000000        0x4 ./src/r_cg_vector_table.o
                0x00000000                HardwareVectors

.vects          0x00000004       0x7c
 *(.vects)
 .vects         0x00000004       0x7c ./src/r_cg_vector_table.o
                0x00000004                Vectors

.option_bytes   0x000000c0        0x4
 *(.option_bytes)
 .option_bytes  0x000000c0        0x4 ./src/r_cg_vector_table.o
                0x000000c0                Option_Bytes

.security_id    0x000000c4        0xa
 *(.security_id)
 .security_id   0x000000c4        0xa ./src/r_cg_vector_table.o
                0x000000c4                Security_Id

.lowtext        0x000000d8        0x0
 *(.plt)
 .plt           0x000000d8        0x0 ./src/OW.o
 *(.lowtext)
                0x000000d8                . = ALIGN (0x2)

.tors           0x000000d8        0x0
                0x000000d8                __CTOR_LIST__ = .
                0x000000d8                . = ALIGN (0x2)
                0x000000d8                ___ctors = .
 *(.ctors)
                0x000000d8                ___ctors_end = .
                0x000000d8                __CTOR_END__ = .
                0x000000d8                __DTOR_LIST__ = .
                0x000000d8                ___dtors = .
 *(.dtors)
                0x000000d8                ___dtors_end = .
                0x000000d8                __DTOR_END__ = .
                0x000000d8                _mdata = .

.text           0x000000d8     0x4b48
 *(.text)
 .text          0x000000d8      0x6d2 ./src/OW.o
                0x000000d8                usDelay
                0x000000f6                ResetWait
                0x0000016a                Presence
                0x0000019d                ReadByte
                0x00000283                ProcessByte
                0x00000597                Reset
                0x000005e0                SetIGN
                0x000005ed                SetRPM
                0x000005fa                SetPanic
                0x00000607                SetInputA
                0x00000614                SetInputB
                0x00000621                SetInputC
                0x0000062e                ReadDefault
                0x00000697                ReadImmob
                0x000006bd                ReadOutput
                0x000006e5                ReadLED
                0x0000070d                txData
 .text          0x000007aa       0x6e ./src/UART.o
                0x000007aa                UART_Tx
                0x000007ee                tx0Done
                0x000007f3                sendByte
 .text          0x00000818       0x3d ./src/r_cg_cgc.o
                0x00000818                R_CGC_Create
 .text          0x00000855       0x14 ./src/r_cg_cgc_user.o
                0x00000855                R_CGC_Get_ResetSource
 .text          0x00000869       0xbd ./src/r_cg_port.o
                0x00000869                R_PORT_Create
 .text          0x00000926        0x0 ./src/r_cg_port_user.o
 .text          0x00000926      0x291 ./src/r_cg_serial.o
                0x00000926                R_SAU0_Create
                0x00000947                R_UART0_Create
                0x00000a7d                R_UART0_Start
                0x00000aed                R_UART0_Stop
                0x00000b40                R_UART0_Send
 .text          0x00000bb7       0x21 ./src/r_cg_serial_user.o
                0x00000bb7                r_uart0_interrupt_send
 .text          0x00000bd8      0x305 ./src/r_cg_timer.o
                0x00000bd8                R_TAU0_Create
                0x00000e05                R_TAU0_Channel0_Start
                0x00000e3b                R_TAU0_Channel0_Stop
                0x00000e71                R_TAU0_Channel1_Start
                0x00000ea7                R_TAU0_Channel1_Stop
 .text          0x00000edd       0x32 ./src/r_cg_timer_user.o
                0x00000edd                r_tau0_channel0_interrupt
                0x00000eed                r_tau0_channel1_interrupt
 .text          0x00000f0f        0xc ./src/r_cg_vector_table.o
                0x00000f0f                R_Dummy
 .text          0x00000f1b       0x4b ./src/r_cg_wdt.o
                0x00000f1b                R_WDT_Create
                0x00000f58                R_WDT_Restart
 .text          0x00000f66        0xc ./src/r_cg_wdt_user.o
                0x00000f66                r_wdt_interrupt
 .text          0x00000f72       0x42 ./src/r_hardware_setup.o
                0x00000f72                R_Systeminit
                0x00000fa3                HardwareSetup
 .text          0x00000fb4       0x9d ./src/r_main.o
                0x00000fb4                main
                0x00001041                R_MAIN_UserInit
 .text          0x00001051       0x60 ./src/r_reset_program.o
                0x00001053                PowerON_Reset
 .text          0x000010b1       0x10 libtest.a(_strlen.o)
                0x000010b1                strlen
 .text          0x000010c1        0x0 libtest.a(sprintf.o)
 .text          0x000010c1        0x0 libtest.a(frmwri.o)
 .text          0x000010c1        0x0 C:\PROGRA~2\GCCFOR~1.201\rl78-elf\rl78-elf/lib/gcc/rl78-elf/4.9.2.201703-GNURL78/g13\libgcc.a(_sf_to_df.o)
 .text          0x000010c1        0x0 C:\PROGRA~2\GCCFOR~1.201\rl78-elf\rl78-elf/lib/gcc/rl78-elf/4.9.2.201703-GNURL78/g13\libgcc.a(_addsub_df.o)
 .text          0x000010c1        0x0 C:\PROGRA~2\GCCFOR~1.201\rl78-elf\rl78-elf/lib/gcc/rl78-elf/4.9.2.201703-GNURL78/g13\libgcc.a(_mul_df.o)
 .text          0x000010c1        0x0 C:\PROGRA~2\GCCFOR~1.201\rl78-elf\rl78-elf/lib/gcc/rl78-elf/4.9.2.201703-GNURL78/g13\libgcc.a(_div_df.o)
 .text          0x000010c1        0x0 C:\PROGRA~2\GCCFOR~1.201\rl78-elf\rl78-elf/lib/gcc/rl78-elf/4.9.2.201703-GNURL78/g13\libgcc.a(_ne_df.o)
 .text          0x000010c1        0x0 C:\PROGRA~2\GCCFOR~1.201\rl78-elf\rl78-elf/lib/gcc/rl78-elf/4.9.2.201703-GNURL78/g13\libgcc.a(_ge_df.o)
 .text          0x000010c1        0x0 C:\PROGRA~2\GCCFOR~1.201\rl78-elf\rl78-elf/lib/gcc/rl78-elf/4.9.2.201703-GNURL78/g13\libgcc.a(_lt_df.o)
 .text          0x000010c1        0x0 C:\PROGRA~2\GCCFOR~1.201\rl78-elf\rl78-elf/lib/gcc/rl78-elf/4.9.2.201703-GNURL78/g13\libgcc.a(_le_df.o)
 .text          0x000010c1        0x0 C:\PROGRA~2\GCCFOR~1.201\rl78-elf\rl78-elf/lib/gcc/rl78-elf/4.9.2.201703-GNURL78/g13\libgcc.a(_si_to_df.o)
 .text          0x000010c1        0x0 C:\PROGRA~2\GCCFOR~1.201\rl78-elf\rl78-elf/lib/gcc/rl78-elf/4.9.2.201703-GNURL78/g13\libgcc.a(_df_to_si.o)
 .text          0x000010c1        0x0 C:\PROGRA~2\GCCFOR~1.201\rl78-elf\rl78-elf/lib/gcc/rl78-elf/4.9.2.201703-GNURL78/g13\libgcc.a(_make_df.o)
 .text          0x000010c1        0x0 C:\PROGRA~2\GCCFOR~1.201\rl78-elf\rl78-elf/lib/gcc/rl78-elf/4.9.2.201703-GNURL78/g13\libgcc.a(_thenan_df.o)
 .text          0x000010c1        0x0 C:\PROGRA~2\GCCFOR~1.201\rl78-elf\rl78-elf/lib/gcc/rl78-elf/4.9.2.201703-GNURL78/g13\libgcc.a(divmodhi.o)
 .text          0x000010c1        0x0 C:\PROGRA~2\GCCFOR~1.201\rl78-elf\rl78-elf/lib/gcc/rl78-elf/4.9.2.201703-GNURL78/g13\libgcc.a(divmodsi.o)
 .text          0x000010c1        0x0 C:\PROGRA~2\GCCFOR~1.201\rl78-elf\rl78-elf/lib/gcc/rl78-elf/4.9.2.201703-GNURL78/g13\libgcc.a(bit-count.o)
 .text          0x000010c1        0x0 C:\PROGRA~2\GCCFOR~1.201\rl78-elf\rl78-elf/lib/gcc/rl78-elf/4.9.2.201703-GNURL78/g13\libgcc.a(adddi3.o)
 .text          0x000010c1        0x0 C:\PROGRA~2\GCCFOR~1.201\rl78-elf\rl78-elf/lib/gcc/rl78-elf/4.9.2.201703-GNURL78/g13\libgcc.a(subdi3.o)
 .text          0x000010c1        0x0 C:\PROGRA~2\GCCFOR~1.201\rl78-elf\rl78-elf/lib/gcc/rl78-elf/4.9.2.201703-GNURL78/g13\libgcc.a(negabssi2.o)
 .text          0x000010c1        0x0 C:\PROGRA~2\GCCFOR~1.201\rl78-elf\rl78-elf/lib/gcc/rl78-elf/4.9.2.201703-GNURL78/g13\libgcc.a(negdi2.o)
 .text          0x000010c1        0x0 C:\PROGRA~2\GCCFOR~1.201\rl78-elf\rl78-elf/lib/gcc/rl78-elf/4.9.2.201703-GNURL78/g13\libgcc.a(abshi2.o)
 .text          0x000010c1        0x0 C:\PROGRA~2\GCCFOR~1.201\rl78-elf\rl78-elf/lib/gcc/rl78-elf/4.9.2.201703-GNURL78/g13\libgcc.a(anddi3.o)
 .text          0x000010c1        0x0 C:\PROGRA~2\GCCFOR~1.201\rl78-elf\rl78-elf/lib/gcc/rl78-elf/4.9.2.201703-GNURL78/g13\libgcc.a(iordi3.o)
 .text          0x000010c1        0x0 C:\PROGRA~2\GCCFOR~1.201\rl78-elf\rl78-elf/lib/gcc/rl78-elf/4.9.2.201703-GNURL78/g13\libgcc.a(cmpdi2.o)
 .text          0x000010c1        0x0 C:\PROGRA~2\GCCFOR~1.201\rl78-elf\rl78-elf/lib/gcc/rl78-elf/4.9.2.201703-GNURL78/g13\libgcc.a(ashldi3.o)
 .text          0x000010c1        0x0 C:\PROGRA~2\GCCFOR~1.201\rl78-elf\rl78-elf/lib/gcc/rl78-elf/4.9.2.201703-GNURL78/g13\libgcc.a(lshrdi3.o)
 .text          0x000010c1        0x0 C:\PROGRA~2\GCCFOR~1.201\rl78-elf\rl78-elf/lib/gcc/rl78-elf/4.9.2.201703-GNURL78/g13\libgcc.a(mulhi3.o)
 .text          0x000010c1        0x0 C:\PROGRA~2\GCCFOR~1.201\rl78-elf\rl78-elf/lib/gcc/rl78-elf/4.9.2.201703-GNURL78/g13\libgcc.a(muldi3.o)
 .text          0x000010c1        0x0 C:\PROGRA~2\GCCFOR~1.201\rl78-elf\rl78-elf/lib/gcc/rl78-elf/4.9.2.201703-GNURL78/g13\libgcc.a(_unpack_sf.o)
 .text          0x000010c1        0x0 C:\PROGRA~2\GCCFOR~1.201\rl78-elf\rl78-elf/lib/gcc/rl78-elf/4.9.2.201703-GNURL78/g13\libgcc.a(_pack_df.o)
 .text          0x000010c1        0x0 C:\PROGRA~2\GCCFOR~1.201\rl78-elf\rl78-elf/lib/gcc/rl78-elf/4.9.2.201703-GNURL78/g13\libgcc.a(_unpack_df.o)
 .text          0x000010c1        0x0 C:\PROGRA~2\GCCFOR~1.201\rl78-elf\rl78-elf/lib/gcc/rl78-elf/4.9.2.201703-GNURL78/g13\libgcc.a(_fpcmp_parts_df.o)
 .text          0x000010c1        0x0 C:\PROGRA~2\GCCFOR~1.201\rl78-elf\rl78-elf/lib/gcc/rl78-elf/4.9.2.201703-GNURL78/g13\libgcc.a(ashlsi3.o)
 .text          0x000010c1        0x0 C:\PROGRA~2\GCCFOR~1.201\rl78-elf\rl78-elf/lib/gcc/rl78-elf/4.9.2.201703-GNURL78/g13\libgcc.a(mulhisi3.o)
 *(.text.*)
 .text.put_c_in_string
                0x000010c1       0x16 libtest.a(sprintf.o)
 .text.sprintf  0x000010d7       0x2a libtest.a(sprintf.o)
                0x000010d7                sprintf
 .text._formatted_write
                0x00001101      0xd70 libtest.a(frmwri.o)
                0x00001101                _formatted_write
 .text.__extendsfdf2
                0x00001e71       0xc1 C:\PROGRA~2\GCCFOR~1.201\rl78-elf\rl78-elf/lib/gcc/rl78-elf/4.9.2.201703-GNURL78/g13\libgcc.a(_sf_to_df.o)
                0x00001e71                __extendsfdf2
 .text._fpadd_parts
                0x00001f32      0x763 C:\PROGRA~2\GCCFOR~1.201\rl78-elf\rl78-elf/lib/gcc/rl78-elf/4.9.2.201703-GNURL78/g13\libgcc.a(_addsub_df.o)
 .text.__adddf3
                0x00002695       0xc0 C:\PROGRA~2\GCCFOR~1.201\rl78-elf\rl78-elf/lib/gcc/rl78-elf/4.9.2.201703-GNURL78/g13\libgcc.a(_addsub_df.o)
                0x00002695                __adddf3
 .text.__subdf3
                0x00002755       0xca C:\PROGRA~2\GCCFOR~1.201\rl78-elf\rl78-elf/lib/gcc/rl78-elf/4.9.2.201703-GNURL78/g13\libgcc.a(_addsub_df.o)
                0x00002755                __subdf3
 .text.__muldf3
                0x0000281f      0x9ba C:\PROGRA~2\GCCFOR~1.201\rl78-elf\rl78-elf/lib/gcc/rl78-elf/4.9.2.201703-GNURL78/g13\libgcc.a(_mul_df.o)
                0x0000281f                __muldf3
 .text.__divdf3
                0x000031d9      0x462 C:\PROGRA~2\GCCFOR~1.201\rl78-elf\rl78-elf/lib/gcc/rl78-elf/4.9.2.201703-GNURL78/g13\libgcc.a(_div_df.o)
                0x000031d9                __divdf3
 .text.__nedf2  0x0000363b       0xa2 C:\PROGRA~2\GCCFOR~1.201\rl78-elf\rl78-elf/lib/gcc/rl78-elf/4.9.2.201703-GNURL78/g13\libgcc.a(_ne_df.o)
                0x0000363b                __nedf2
 .text.__gedf2  0x000036dd       0xa3 C:\PROGRA~2\GCCFOR~1.201\rl78-elf\rl78-elf/lib/gcc/rl78-elf/4.9.2.201703-GNURL78/g13\libgcc.a(_ge_df.o)
                0x000036dd                __gedf2
 .text.__ltdf2  0x00003780       0xa2 C:\PROGRA~2\GCCFOR~1.201\rl78-elf\rl78-elf/lib/gcc/rl78-elf/4.9.2.201703-GNURL78/g13\libgcc.a(_lt_df.o)
                0x00003780                __ltdf2
 .text.__ledf2  0x00003822       0xa2 C:\PROGRA~2\GCCFOR~1.201\rl78-elf\rl78-elf/lib/gcc/rl78-elf/4.9.2.201703-GNURL78/g13\libgcc.a(_le_df.o)
                0x00003822                __ledf2
 .text.__floatsidf
                0x000038c4      0x11f C:\PROGRA~2\GCCFOR~1.201\rl78-elf\rl78-elf/lib/gcc/rl78-elf/4.9.2.201703-GNURL78/g13\libgcc.a(_si_to_df.o)
                0x000038c4                __floatsidf
 .text.__fixdfsi
                0x000039e3       0xe0 C:\PROGRA~2\GCCFOR~1.201\rl78-elf\rl78-elf/lib/gcc/rl78-elf/4.9.2.201703-GNURL78/g13\libgcc.a(_df_to_si.o)
                0x000039e3                __fixdfsi
 .text.__make_dp
                0x00003ac3       0x62 C:\PROGRA~2\GCCFOR~1.201\rl78-elf\rl78-elf/lib/gcc/rl78-elf/4.9.2.201703-GNURL78/g13\libgcc.a(_make_df.o)
                0x00003ac3                __make_dp
 .text.___udivmodhi4
                0x00003b25       0x1f C:\PROGRA~2\GCCFOR~1.201\rl78-elf\rl78-elf/lib/gcc/rl78-elf/4.9.2.201703-GNURL78/g13\libgcc.a(divmodhi.o)
                0x00003b25                __udivmodhi4
 .text.___divmodhi4
                0x00003b44       0x2c C:\PROGRA~2\GCCFOR~1.201\rl78-elf\rl78-elf/lib/gcc/rl78-elf/4.9.2.201703-GNURL78/g13\libgcc.a(divmodhi.o)
                0x00003b44                __divmodhi4
 .text.___udivsi3
                0x00003b70       0x21 C:\PROGRA~2\GCCFOR~1.201\rl78-elf\rl78-elf/lib/gcc/rl78-elf/4.9.2.201703-GNURL78/g13\libgcc.a(divmodsi.o)
                0x00003b70                __udivsi3
 .text.___umodsi3
                0x00003b91       0x23 C:\PROGRA~2\GCCFOR~1.201\rl78-elf\rl78-elf/lib/gcc/rl78-elf/4.9.2.201703-GNURL78/g13\libgcc.a(divmodsi.o)
                0x00003b91                __umodsi3
 .text.___divsi3
                0x00003bb4       0x49 C:\PROGRA~2\GCCFOR~1.201\rl78-elf\rl78-elf/lib/gcc/rl78-elf/4.9.2.201703-GNURL78/g13\libgcc.a(divmodsi.o)
                0x00003bb4                __divsi3
 .text.___modsi3
                0x00003bfd       0x45 C:\PROGRA~2\GCCFOR~1.201\rl78-elf\rl78-elf/lib/gcc/rl78-elf/4.9.2.201703-GNURL78/g13\libgcc.a(divmodsi.o)
                0x00003bfd                __modsi3
 .text.___clzhi2
                0x00003c42       0x16 C:\PROGRA~2\GCCFOR~1.201\rl78-elf\rl78-elf/lib/gcc/rl78-elf/4.9.2.201703-GNURL78/g13\libgcc.a(bit-count.o)
                0x00003c42                __clzhi2
                0x00003c44                _clzhi2_internal
 .text.___clzsi2
                0x00003c58       0x14 C:\PROGRA~2\GCCFOR~1.201\rl78-elf\rl78-elf/lib/gcc/rl78-elf/4.9.2.201703-GNURL78/g13\libgcc.a(bit-count.o)
                0x00003c58                __clzsi2
 .text.___ctzhi2
                0x00003c6c       0x16 C:\PROGRA~2\GCCFOR~1.201\rl78-elf\rl78-elf/lib/gcc/rl78-elf/4.9.2.201703-GNURL78/g13\libgcc.a(bit-count.o)
                0x00003c6c                __ctzhi2
                0x00003c6e                _ctzhi2_internal
 .text.___ctzsi2
                0x00003c82       0x14 C:\PROGRA~2\GCCFOR~1.201\rl78-elf\rl78-elf/lib/gcc/rl78-elf/4.9.2.201703-GNURL78/g13\libgcc.a(bit-count.o)
                0x00003c82                __ctzsi2
 .text.___ffshi2
                0x00003c96       0x16 C:\PROGRA~2\GCCFOR~1.201\rl78-elf\rl78-elf/lib/gcc/rl78-elf/4.9.2.201703-GNURL78/g13\libgcc.a(bit-count.o)
                0x00003c96                __ffshi2
                0x00003c98                _ffshi2_internal
 .text.___ffssi2
                0x00003cac       0x19 C:\PROGRA~2\GCCFOR~1.201\rl78-elf\rl78-elf/lib/gcc/rl78-elf/4.9.2.201703-GNURL78/g13\libgcc.a(bit-count.o)
                0x00003cac                __ffssi2
 .text.___parityqi_internal
                0x00003cc5       0x17 C:\PROGRA~2\GCCFOR~1.201\rl78-elf\rl78-elf/lib/gcc/rl78-elf/4.9.2.201703-GNURL78/g13\libgcc.a(bit-count.o)
                0x00003cc5                __parityqi_internal
 .text.___parityhi2
                0x00003cdc        0x6 C:\PROGRA~2\GCCFOR~1.201\rl78-elf\rl78-elf/lib/gcc/rl78-elf/4.9.2.201703-GNURL78/g13\libgcc.a(bit-count.o)
                0x00003cdc                __parityhi2
 .text.___paritysi2
                0x00003ce2        0xd C:\PROGRA~2\GCCFOR~1.201\rl78-elf\rl78-elf/lib/gcc/rl78-elf/4.9.2.201703-GNURL78/g13\libgcc.a(bit-count.o)
                0x00003ce2                __paritysi2
 .text.___popcounthi2
                0x00003cef        0x4 C:\PROGRA~2\GCCFOR~1.201\rl78-elf\rl78-elf/lib/gcc/rl78-elf/4.9.2.201703-GNURL78/g13\libgcc.a(bit-count.o)
                0x00003cef                __popcounthi2
 .text.___popcountsi2
                0x00003cf3        0x4 C:\PROGRA~2\GCCFOR~1.201\rl78-elf\rl78-elf/lib/gcc/rl78-elf/4.9.2.201703-GNURL78/g13\libgcc.a(bit-count.o)
                0x00003cf3                __popcountsi2
 .text.___popcountqi_internal
                0x00003cf7       0x1e C:\PROGRA~2\GCCFOR~1.201\rl78-elf\rl78-elf/lib/gcc/rl78-elf/4.9.2.201703-GNURL78/g13\libgcc.a(bit-count.o)
                0x00003cf7                __popcountqi_internal
 .text.___clzdi2
                0x00003d15       0x23 C:\PROGRA~2\GCCFOR~1.201\rl78-elf\rl78-elf/lib/gcc/rl78-elf/4.9.2.201703-GNURL78/g13\libgcc.a(bit-count.o)
                0x00003d15                __clzdi2
 .text.___ctzdi2
                0x00003d38       0x23 C:\PROGRA~2\GCCFOR~1.201\rl78-elf\rl78-elf/lib/gcc/rl78-elf/4.9.2.201703-GNURL78/g13\libgcc.a(bit-count.o)
                0x00003d38                __ctzdi2
 .text.___ffsdi2
                0x00003d5b       0x26 C:\PROGRA~2\GCCFOR~1.201\rl78-elf\rl78-elf/lib/gcc/rl78-elf/4.9.2.201703-GNURL78/g13\libgcc.a(bit-count.o)
                0x00003d5b                __ffsdi2
 .text.___popcountdi2
                0x00003d81       0x25 C:\PROGRA~2\GCCFOR~1.201\rl78-elf\rl78-elf/lib/gcc/rl78-elf/4.9.2.201703-GNURL78/g13\libgcc.a(bit-count.o)
                0x00003d81                __popcountdi2
 .text.___paritydi2
                0x00003da6       0x27 C:\PROGRA~2\GCCFOR~1.201\rl78-elf\rl78-elf/lib/gcc/rl78-elf/4.9.2.201703-GNURL78/g13\libgcc.a(bit-count.o)
                0x00003da6                __paritydi2
 .text.___adddi3
                0x00003dcd       0x2d C:\PROGRA~2\GCCFOR~1.201\rl78-elf\rl78-elf/lib/gcc/rl78-elf/4.9.2.201703-GNURL78/g13\libgcc.a(adddi3.o)
                0x00003dcd                __adddi3
 .text.___subdi3
                0x00003dfa       0x2d C:\PROGRA~2\GCCFOR~1.201\rl78-elf\rl78-elf/lib/gcc/rl78-elf/4.9.2.201703-GNURL78/g13\libgcc.a(subdi3.o)
                0x00003dfa                __subdi3
 .text.___abssi2
                0x00003e27       0x12 C:\PROGRA~2\GCCFOR~1.201\rl78-elf\rl78-elf/lib/gcc/rl78-elf/4.9.2.201703-GNURL78/g13\libgcc.a(negabssi2.o)
                0x00003e27                __abssi2
                0x00003e2b                __negsi2
 .text.___negdi2
                0x00003e39       0x21 C:\PROGRA~2\GCCFOR~1.201\rl78-elf\rl78-elf/lib/gcc/rl78-elf/4.9.2.201703-GNURL78/g13\libgcc.a(negdi2.o)
                0x00003e39                __negdi2
 .text.___abshi2
                0x00003e5a        0x7 C:\PROGRA~2\GCCFOR~1.201\rl78-elf\rl78-elf/lib/gcc/rl78-elf/4.9.2.201703-GNURL78/g13\libgcc.a(abshi2.o)
                0x00003e5a                __abshi2
 .text.___anddi3
                0x00003e61       0x34 C:\PROGRA~2\GCCFOR~1.201\rl78-elf\rl78-elf/lib/gcc/rl78-elf/4.9.2.201703-GNURL78/g13\libgcc.a(anddi3.o)
                0x00003e61                __anddi3
 .text.___iordi3
                0x00003e95       0x34 C:\PROGRA~2\GCCFOR~1.201\rl78-elf\rl78-elf/lib/gcc/rl78-elf/4.9.2.201703-GNURL78/g13\libgcc.a(iordi3.o)
                0x00003e95                __iordi3
 .text.___ucmpdi2
                0x00003ec9       0x45 C:\PROGRA~2\GCCFOR~1.201\rl78-elf\rl78-elf/lib/gcc/rl78-elf/4.9.2.201703-GNURL78/g13\libgcc.a(cmpdi2.o)
                0x00003ec9                __ucmpdi2
                0x00003efe                __cmpdi2
 .text.___ashldi3
                0x00003f0e       0x33 C:\PROGRA~2\GCCFOR~1.201\rl78-elf\rl78-elf/lib/gcc/rl78-elf/4.9.2.201703-GNURL78/g13\libgcc.a(ashldi3.o)
                0x00003f0e                __ashldi3
 .text.___lshrdi3
                0x00003f41       0x3f C:\PROGRA~2\GCCFOR~1.201\rl78-elf\rl78-elf/lib/gcc/rl78-elf/4.9.2.201703-GNURL78/g13\libgcc.a(lshrdi3.o)
                0x00003f41                __lshrdi3
 .text.___mulhi3
                0x00003f80        0xd C:\PROGRA~2\GCCFOR~1.201\rl78-elf\rl78-elf/lib/gcc/rl78-elf/4.9.2.201703-GNURL78/g13\libgcc.a(mulhi3.o)
                0x00003f80                __mulhi3
 .text.___muldi3
                0x00003f8d       0x8c C:\PROGRA~2\GCCFOR~1.201\rl78-elf\rl78-elf/lib/gcc/rl78-elf/4.9.2.201703-GNURL78/g13\libgcc.a(muldi3.o)
                0x00003f8d                __muldi3
 .text.__unpack_f
                0x00004019      0x138 C:\PROGRA~2\GCCFOR~1.201\rl78-elf\rl78-elf/lib/gcc/rl78-elf/4.9.2.201703-GNURL78/g13\libgcc.a(_unpack_sf.o)
                0x00004019                __unpack_f
 .text.__pack_d
                0x00004151      0x64f C:\PROGRA~2\GCCFOR~1.201\rl78-elf\rl78-elf/lib/gcc/rl78-elf/4.9.2.201703-GNURL78/g13\libgcc.a(_pack_df.o)
                0x00004151                __pack_d
 .text.__unpack_d
                0x000047a0      0x2d7 C:\PROGRA~2\GCCFOR~1.201\rl78-elf\rl78-elf/lib/gcc/rl78-elf/4.9.2.201703-GNURL78/g13\libgcc.a(_unpack_df.o)
                0x000047a0                __unpack_d
 .text.__fpcmp_parts_d
                0x00004a77      0x172 C:\PROGRA~2\GCCFOR~1.201\rl78-elf\rl78-elf/lib/gcc/rl78-elf/4.9.2.201703-GNURL78/g13\libgcc.a(_fpcmp_parts_df.o)
                0x00004a77                __fpcmp_parts_d
 .text.___ashlsi3
                0x00004be9        0xc C:\PROGRA~2\GCCFOR~1.201\rl78-elf\rl78-elf/lib/gcc/rl78-elf/4.9.2.201703-GNURL78/g13\libgcc.a(ashlsi3.o)
                0x00004be9                __ashlsi3
 .text.___mulhisi3
                0x00004bf5       0x16 C:\PROGRA~2\GCCFOR~1.201\rl78-elf\rl78-elf/lib/gcc/rl78-elf/4.9.2.201703-GNURL78/g13\libgcc.a(mulhisi3.o)
                0x00004bf5                __mulhisi3
                0x00004bfb                __umulhisi3
 .text.___usmulhisi3
                0x00004c0b       0x14 C:\PROGRA~2\GCCFOR~1.201\rl78-elf\rl78-elf/lib/gcc/rl78-elf/4.9.2.201703-GNURL78/g13\libgcc.a(mulhisi3.o)
                0x00004c0b                __usmulhisi3
                0x00004c1f                etext = .
                0x00004c20                . = ALIGN (0x2)
 *fill*         0x00004c1f        0x1 
                0x00000000                PROVIDE (__rl78_abs__, 0x0)

.init
 *(.init)

.fini
 *(.fini)

.got
 *(.got)
 *(.got.plt)

.rodata         0x00004c20      0x278
                0x00004c20                . = ALIGN (0x2)
 *(.rodata)
 .rodata        0x00004c20      0x21a ./src/OW.o
 .rodata        0x00004e3a       0x1b ./src/r_main.o
 .rodata        0x00004e55       0x35 libtest.a(frmwri.o)
 *(.rodata.*)
 .rodata.__thenan_df
                0x00004e8a        0xe C:\PROGRA~2\GCCFOR~1.201\rl78-elf\rl78-elf/lib/gcc/rl78-elf/4.9.2.201703-GNURL78/g13\libgcc.a(_thenan_df.o)
                0x00004e8a                __thenan_df
                0x00004e98                _erodata = .

.frodata

.eh_frame_hdr
 *(.eh_frame_hdr)

.eh_frame
 *(.eh_frame)

.jcr            0x00004e98        0x0
 *(.jcr)
                0x00004e98                . = ALIGN (0x2)

.data           0x000ff700        0x0 load address 0x000000d8
                0x000ff700                . = ALIGN (0x2)
                0x000ff700                _data = .
 *(.data)
 .data          0x000ff700        0x0 ./src/OW.o
 .data          0x000ff700        0x0 ./src/UART.o
 .data          0x000ff700        0x0 ./src/r_cg_cgc.o
 .data          0x000ff700        0x0 ./src/r_cg_cgc_user.o
 .data          0x000ff700        0x0 ./src/r_cg_port.o
 .data          0x000ff700        0x0 ./src/r_cg_port_user.o
 .data          0x000ff700        0x0 ./src/r_cg_serial.o
 .data          0x000ff700        0x0 ./src/r_cg_serial_user.o
 .data          0x000ff700        0x0 ./src/r_cg_timer.o
 .data          0x000ff700        0x0 ./src/r_cg_timer_user.o
 .data          0x000ff700        0x0 ./src/r_cg_vector_table.o
 .data          0x000ff700        0x0 ./src/r_cg_wdt.o
 .data          0x000ff700        0x0 ./src/r_cg_wdt_user.o
 .data          0x000ff700        0x0 ./src/r_hardware_setup.o
 .data          0x000ff700        0x0 ./src/r_main.o
 .data          0x000ff700        0x0 ./src/r_reset_program.o
 .data          0x000ff700        0x0 libtest.a(_strlen.o)
 .data          0x000ff700        0x0 libtest.a(sprintf.o)
 .data          0x000ff700        0x0 libtest.a(frmwri.o)
 .data          0x000ff700        0x0 C:\PROGRA~2\GCCFOR~1.201\rl78-elf\rl78-elf/lib/gcc/rl78-elf/4.9.2.201703-GNURL78/g13\libgcc.a(_sf_to_df.o)
 .data          0x000ff700        0x0 C:\PROGRA~2\GCCFOR~1.201\rl78-elf\rl78-elf/lib/gcc/rl78-elf/4.9.2.201703-GNURL78/g13\libgcc.a(_addsub_df.o)
 .data          0x000ff700        0x0 C:\PROGRA~2\GCCFOR~1.201\rl78-elf\rl78-elf/lib/gcc/rl78-elf/4.9.2.201703-GNURL78/g13\libgcc.a(_mul_df.o)
 .data          0x000ff700        0x0 C:\PROGRA~2\GCCFOR~1.201\rl78-elf\rl78-elf/lib/gcc/rl78-elf/4.9.2.201703-GNURL78/g13\libgcc.a(_div_df.o)
 .data          0x000ff700        0x0 C:\PROGRA~2\GCCFOR~1.201\rl78-elf\rl78-elf/lib/gcc/rl78-elf/4.9.2.201703-GNURL78/g13\libgcc.a(_ne_df.o)
 .data          0x000ff700        0x0 C:\PROGRA~2\GCCFOR~1.201\rl78-elf\rl78-elf/lib/gcc/rl78-elf/4.9.2.201703-GNURL78/g13\libgcc.a(_ge_df.o)
 .data          0x000ff700        0x0 C:\PROGRA~2\GCCFOR~1.201\rl78-elf\rl78-elf/lib/gcc/rl78-elf/4.9.2.201703-GNURL78/g13\libgcc.a(_lt_df.o)
 .data          0x000ff700        0x0 C:\PROGRA~2\GCCFOR~1.201\rl78-elf\rl78-elf/lib/gcc/rl78-elf/4.9.2.201703-GNURL78/g13\libgcc.a(_le_df.o)
 .data          0x000ff700        0x0 C:\PROGRA~2\GCCFOR~1.201\rl78-elf\rl78-elf/lib/gcc/rl78-elf/4.9.2.201703-GNURL78/g13\libgcc.a(_si_to_df.o)
 .data          0x000ff700        0x0 C:\PROGRA~2\GCCFOR~1.201\rl78-elf\rl78-elf/lib/gcc/rl78-elf/4.9.2.201703-GNURL78/g13\libgcc.a(_df_to_si.o)
 .data          0x000ff700        0x0 C:\PROGRA~2\GCCFOR~1.201\rl78-elf\rl78-elf/lib/gcc/rl78-elf/4.9.2.201703-GNURL78/g13\libgcc.a(_make_df.o)
 .data          0x000ff700        0x0 C:\PROGRA~2\GCCFOR~1.201\rl78-elf\rl78-elf/lib/gcc/rl78-elf/4.9.2.201703-GNURL78/g13\libgcc.a(_thenan_df.o)
 .data          0x000ff700        0x0 C:\PROGRA~2\GCCFOR~1.201\rl78-elf\rl78-elf/lib/gcc/rl78-elf/4.9.2.201703-GNURL78/g13\libgcc.a(divmodhi.o)
 .data          0x000ff700        0x0 C:\PROGRA~2\GCCFOR~1.201\rl78-elf\rl78-elf/lib/gcc/rl78-elf/4.9.2.201703-GNURL78/g13\libgcc.a(divmodsi.o)
 .data          0x000ff700        0x0 C:\PROGRA~2\GCCFOR~1.201\rl78-elf\rl78-elf/lib/gcc/rl78-elf/4.9.2.201703-GNURL78/g13\libgcc.a(bit-count.o)
 .data          0x000ff700        0x0 C:\PROGRA~2\GCCFOR~1.201\rl78-elf\rl78-elf/lib/gcc/rl78-elf/4.9.2.201703-GNURL78/g13\libgcc.a(adddi3.o)
 .data          0x000ff700        0x0 C:\PROGRA~2\GCCFOR~1.201\rl78-elf\rl78-elf/lib/gcc/rl78-elf/4.9.2.201703-GNURL78/g13\libgcc.a(subdi3.o)
 .data          0x000ff700        0x0 C:\PROGRA~2\GCCFOR~1.201\rl78-elf\rl78-elf/lib/gcc/rl78-elf/4.9.2.201703-GNURL78/g13\libgcc.a(negabssi2.o)
 .data          0x000ff700        0x0 C:\PROGRA~2\GCCFOR~1.201\rl78-elf\rl78-elf/lib/gcc/rl78-elf/4.9.2.201703-GNURL78/g13\libgcc.a(negdi2.o)
 .data          0x000ff700        0x0 C:\PROGRA~2\GCCFOR~1.201\rl78-elf\rl78-elf/lib/gcc/rl78-elf/4.9.2.201703-GNURL78/g13\libgcc.a(abshi2.o)
 .data          0x000ff700        0x0 C:\PROGRA~2\GCCFOR~1.201\rl78-elf\rl78-elf/lib/gcc/rl78-elf/4.9.2.201703-GNURL78/g13\libgcc.a(anddi3.o)
 .data          0x000ff700        0x0 C:\PROGRA~2\GCCFOR~1.201\rl78-elf\rl78-elf/lib/gcc/rl78-elf/4.9.2.201703-GNURL78/g13\libgcc.a(iordi3.o)
 .data          0x000ff700        0x0 C:\PROGRA~2\GCCFOR~1.201\rl78-elf\rl78-elf/lib/gcc/rl78-elf/4.9.2.201703-GNURL78/g13\libgcc.a(cmpdi2.o)
 .data          0x000ff700        0x0 C:\PROGRA~2\GCCFOR~1.201\rl78-elf\rl78-elf/lib/gcc/rl78-elf/4.9.2.201703-GNURL78/g13\libgcc.a(ashldi3.o)
 .data          0x000ff700        0x0 C:\PROGRA~2\GCCFOR~1.201\rl78-elf\rl78-elf/lib/gcc/rl78-elf/4.9.2.201703-GNURL78/g13\libgcc.a(lshrdi3.o)
 .data          0x000ff700        0x0 C:\PROGRA~2\GCCFOR~1.201\rl78-elf\rl78-elf/lib/gcc/rl78-elf/4.9.2.201703-GNURL78/g13\libgcc.a(mulhi3.o)
 .data          0x000ff700        0x0 C:\PROGRA~2\GCCFOR~1.201\rl78-elf\rl78-elf/lib/gcc/rl78-elf/4.9.2.201703-GNURL78/g13\libgcc.a(muldi3.o)
 .data          0x000ff700        0x0 C:\PROGRA~2\GCCFOR~1.201\rl78-elf\rl78-elf/lib/gcc/rl78-elf/4.9.2.201703-GNURL78/g13\libgcc.a(_unpack_sf.o)
 .data          0x000ff700        0x0 C:\PROGRA~2\GCCFOR~1.201\rl78-elf\rl78-elf/lib/gcc/rl78-elf/4.9.2.201703-GNURL78/g13\libgcc.a(_pack_df.o)
 .data          0x000ff700        0x0 C:\PROGRA~2\GCCFOR~1.201\rl78-elf\rl78-elf/lib/gcc/rl78-elf/4.9.2.201703-GNURL78/g13\libgcc.a(_unpack_df.o)
 .data          0x000ff700        0x0 C:\PROGRA~2\GCCFOR~1.201\rl78-elf\rl78-elf/lib/gcc/rl78-elf/4.9.2.201703-GNURL78/g13\libgcc.a(_fpcmp_parts_df.o)
 .data          0x000ff700        0x0 C:\PROGRA~2\GCCFOR~1.201\rl78-elf\rl78-elf/lib/gcc/rl78-elf/4.9.2.201703-GNURL78/g13\libgcc.a(ashlsi3.o)
 .data          0x000ff700        0x0 C:\PROGRA~2\GCCFOR~1.201\rl78-elf\rl78-elf/lib/gcc/rl78-elf/4.9.2.201703-GNURL78/g13\libgcc.a(mulhisi3.o)
 *(.data.*)
                0x000ff700                . = ALIGN (0x2)
                0x000ff700                _edata = .
                0x00000000                PROVIDE (__romdatacopysize, SIZEOF (.data))

.bss            0x000ff700       0x2a load address 0x000000d8
                0x000ff700                . = ALIGN (0x2)
                0x000ff700                _bss = .
 *(.bss)
 .bss           0x000ff700        0x0 ./src/OW.o
 .bss           0x000ff700        0x0 ./src/UART.o
 .bss           0x000ff700        0x0 ./src/r_cg_cgc.o
 .bss           0x000ff700        0x0 ./src/r_cg_cgc_user.o
 .bss           0x000ff700        0x0 ./src/r_cg_port.o
 .bss           0x000ff700        0x0 ./src/r_cg_port_user.o
 .bss           0x000ff700        0x0 ./src/r_cg_serial.o
 .bss           0x000ff700        0x0 ./src/r_cg_serial_user.o
 .bss           0x000ff700        0x0 ./src/r_cg_timer.o
 .bss           0x000ff700        0x0 ./src/r_cg_timer_user.o
 .bss           0x000ff700        0x0 ./src/r_cg_vector_table.o
 .bss           0x000ff700        0x0 ./src/r_cg_wdt.o
 .bss           0x000ff700        0x0 ./src/r_cg_wdt_user.o
 .bss           0x000ff700        0x0 ./src/r_hardware_setup.o
 .bss           0x000ff700        0x2 ./src/r_main.o
                0x000ff700                timer1
 .bss           0x000ff702        0x0 ./src/r_reset_program.o
 .bss           0x000ff702        0x0 libtest.a(_strlen.o)
 .bss           0x000ff702        0x0 libtest.a(sprintf.o)
 .bss           0x000ff702        0x0 libtest.a(frmwri.o)
 .bss           0x000ff702        0x0 C:\PROGRA~2\GCCFOR~1.201\rl78-elf\rl78-elf/lib/gcc/rl78-elf/4.9.2.201703-GNURL78/g13\libgcc.a(_sf_to_df.o)
 .bss           0x000ff702        0x0 C:\PROGRA~2\GCCFOR~1.201\rl78-elf\rl78-elf/lib/gcc/rl78-elf/4.9.2.201703-GNURL78/g13\libgcc.a(_addsub_df.o)
 .bss           0x000ff702        0x0 C:\PROGRA~2\GCCFOR~1.201\rl78-elf\rl78-elf/lib/gcc/rl78-elf/4.9.2.201703-GNURL78/g13\libgcc.a(_mul_df.o)
 .bss           0x000ff702        0x0 C:\PROGRA~2\GCCFOR~1.201\rl78-elf\rl78-elf/lib/gcc/rl78-elf/4.9.2.201703-GNURL78/g13\libgcc.a(_div_df.o)
 .bss           0x000ff702        0x0 C:\PROGRA~2\GCCFOR~1.201\rl78-elf\rl78-elf/lib/gcc/rl78-elf/4.9.2.201703-GNURL78/g13\libgcc.a(_ne_df.o)
 .bss           0x000ff702        0x0 C:\PROGRA~2\GCCFOR~1.201\rl78-elf\rl78-elf/lib/gcc/rl78-elf/4.9.2.201703-GNURL78/g13\libgcc.a(_ge_df.o)
 .bss           0x000ff702        0x0 C:\PROGRA~2\GCCFOR~1.201\rl78-elf\rl78-elf/lib/gcc/rl78-elf/4.9.2.201703-GNURL78/g13\libgcc.a(_lt_df.o)
 .bss           0x000ff702        0x0 C:\PROGRA~2\GCCFOR~1.201\rl78-elf\rl78-elf/lib/gcc/rl78-elf/4.9.2.201703-GNURL78/g13\libgcc.a(_le_df.o)
 .bss           0x000ff702        0x0 C:\PROGRA~2\GCCFOR~1.201\rl78-elf\rl78-elf/lib/gcc/rl78-elf/4.9.2.201703-GNURL78/g13\libgcc.a(_si_to_df.o)
 .bss           0x000ff702        0x0 C:\PROGRA~2\GCCFOR~1.201\rl78-elf\rl78-elf/lib/gcc/rl78-elf/4.9.2.201703-GNURL78/g13\libgcc.a(_df_to_si.o)
 .bss           0x000ff702        0x0 C:\PROGRA~2\GCCFOR~1.201\rl78-elf\rl78-elf/lib/gcc/rl78-elf/4.9.2.201703-GNURL78/g13\libgcc.a(_make_df.o)
 .bss           0x000ff702        0x0 C:\PROGRA~2\GCCFOR~1.201\rl78-elf\rl78-elf/lib/gcc/rl78-elf/4.9.2.201703-GNURL78/g13\libgcc.a(_thenan_df.o)
 .bss           0x000ff702        0x0 C:\PROGRA~2\GCCFOR~1.201\rl78-elf\rl78-elf/lib/gcc/rl78-elf/4.9.2.201703-GNURL78/g13\libgcc.a(divmodhi.o)
 .bss           0x000ff702        0x0 C:\PROGRA~2\GCCFOR~1.201\rl78-elf\rl78-elf/lib/gcc/rl78-elf/4.9.2.201703-GNURL78/g13\libgcc.a(divmodsi.o)
 .bss           0x000ff702        0x0 C:\PROGRA~2\GCCFOR~1.201\rl78-elf\rl78-elf/lib/gcc/rl78-elf/4.9.2.201703-GNURL78/g13\libgcc.a(bit-count.o)
 .bss           0x000ff702        0x0 C:\PROGRA~2\GCCFOR~1.201\rl78-elf\rl78-elf/lib/gcc/rl78-elf/4.9.2.201703-GNURL78/g13\libgcc.a(adddi3.o)
 .bss           0x000ff702        0x0 C:\PROGRA~2\GCCFOR~1.201\rl78-elf\rl78-elf/lib/gcc/rl78-elf/4.9.2.201703-GNURL78/g13\libgcc.a(subdi3.o)
 .bss           0x000ff702        0x0 C:\PROGRA~2\GCCFOR~1.201\rl78-elf\rl78-elf/lib/gcc/rl78-elf/4.9.2.201703-GNURL78/g13\libgcc.a(negabssi2.o)
 .bss           0x000ff702        0x0 C:\PROGRA~2\GCCFOR~1.201\rl78-elf\rl78-elf/lib/gcc/rl78-elf/4.9.2.201703-GNURL78/g13\libgcc.a(negdi2.o)
 .bss           0x000ff702        0x0 C:\PROGRA~2\GCCFOR~1.201\rl78-elf\rl78-elf/lib/gcc/rl78-elf/4.9.2.201703-GNURL78/g13\libgcc.a(abshi2.o)
 .bss           0x000ff702        0x0 C:\PROGRA~2\GCCFOR~1.201\rl78-elf\rl78-elf/lib/gcc/rl78-elf/4.9.2.201703-GNURL78/g13\libgcc.a(anddi3.o)
 .bss           0x000ff702        0x0 C:\PROGRA~2\GCCFOR~1.201\rl78-elf\rl78-elf/lib/gcc/rl78-elf/4.9.2.201703-GNURL78/g13\libgcc.a(iordi3.o)
 .bss           0x000ff702        0x0 C:\PROGRA~2\GCCFOR~1.201\rl78-elf\rl78-elf/lib/gcc/rl78-elf/4.9.2.201703-GNURL78/g13\libgcc.a(cmpdi2.o)
 .bss           0x000ff702        0x0 C:\PROGRA~2\GCCFOR~1.201\rl78-elf\rl78-elf/lib/gcc/rl78-elf/4.9.2.201703-GNURL78/g13\libgcc.a(ashldi3.o)
 .bss           0x000ff702        0x0 C:\PROGRA~2\GCCFOR~1.201\rl78-elf\rl78-elf/lib/gcc/rl78-elf/4.9.2.201703-GNURL78/g13\libgcc.a(lshrdi3.o)
 .bss           0x000ff702        0x0 C:\PROGRA~2\GCCFOR~1.201\rl78-elf\rl78-elf/lib/gcc/rl78-elf/4.9.2.201703-GNURL78/g13\libgcc.a(mulhi3.o)
 .bss           0x000ff702        0x0 C:\PROGRA~2\GCCFOR~1.201\rl78-elf\rl78-elf/lib/gcc/rl78-elf/4.9.2.201703-GNURL78/g13\libgcc.a(muldi3.o)
 .bss           0x000ff702        0x0 C:\PROGRA~2\GCCFOR~1.201\rl78-elf\rl78-elf/lib/gcc/rl78-elf/4.9.2.201703-GNURL78/g13\libgcc.a(_unpack_sf.o)
 .bss           0x000ff702        0x0 C:\PROGRA~2\GCCFOR~1.201\rl78-elf\rl78-elf/lib/gcc/rl78-elf/4.9.2.201703-GNURL78/g13\libgcc.a(_pack_df.o)
 .bss           0x000ff702        0x0 C:\PROGRA~2\GCCFOR~1.201\rl78-elf\rl78-elf/lib/gcc/rl78-elf/4.9.2.201703-GNURL78/g13\libgcc.a(_unpack_df.o)
 .bss           0x000ff702        0x0 C:\PROGRA~2\GCCFOR~1.201\rl78-elf\rl78-elf/lib/gcc/rl78-elf/4.9.2.201703-GNURL78/g13\libgcc.a(_fpcmp_parts_df.o)
 .bss           0x000ff702        0x0 C:\PROGRA~2\GCCFOR~1.201\rl78-elf\rl78-elf/lib/gcc/rl78-elf/4.9.2.201703-GNURL78/g13\libgcc.a(ashlsi3.o)
 .bss           0x000ff702        0x0 C:\PROGRA~2\GCCFOR~1.201\rl78-elf\rl78-elf/lib/gcc/rl78-elf/4.9.2.201703-GNURL78/g13\libgcc.a(mulhisi3.o)
 *(.bss.**)
                0x000ff702                . = ALIGN (0x2)
 *(COMMON)
 COMMON         0x000ff702       0x18 ./src/OW.o
                0x000ff702                OWtimer
                0x000ff704                count
                0x000ff718                errorTimer
 COMMON         0x000ff71a        0x2 ./src/UART.o
                0x000ff71a                intFlag0
 COMMON         0x000ff71c        0xa ./src/r_cg_serial.o
                0x000ff71c                g_uart0_tx_count
                0x000ff71e                gp_uart0_rx_address
                0x000ff720                g_uart0_rx_count
                0x000ff722                gp_uart0_tx_address
                0x000ff724                g_uart0_rx_length
 COMMON         0x000ff726        0x4 ./src/r_main.o
                0x000ff726                sec
                0x000ff728                tick
                0x000ff72a                . = ALIGN (0x2)
                0x000ff72a                _ebss = .
                0x000ff72a                _end = .
                0x00000064                PROVIDE (stack_size, 0x64)

.stack          0x000ffedc        0x0
                0x000ffedc                _stack = .
                0x00000001                ASSERT ((_stack > (_end + stack_size)), Error: Too much data - no room left for the stack)
LOAD ./src/OW.o
LOAD ./src/UART.o
LOAD ./src/r_cg_cgc.o
LOAD ./src/r_cg_cgc_user.o
LOAD ./src/r_cg_port.o
LOAD ./src/r_cg_port_user.o
LOAD ./src/r_cg_serial.o
LOAD ./src/r_cg_serial_user.o
LOAD ./src/r_cg_timer.o
LOAD ./src/r_cg_timer_user.o
LOAD ./src/r_cg_vector_table.o
LOAD ./src/r_cg_wdt.o
LOAD ./src/r_cg_wdt_user.o
LOAD ./src/r_hardware_setup.o
LOAD ./src/r_main.o
LOAD ./src/r_reset_program.o
LOAD libtest.a
START GROUP
LOAD C:\Users\Jeefo\e2_studio\workspace\test\HardwareDebug\libtest.a
LOAD C:\PROGRA~2\GCCFOR~1.201\rl78-elf\rl78-elf/lib/gcc/rl78-elf/4.9.2.201703-GNURL78/g13\libgcc.a
END GROUP
OUTPUT(test.x elf32-rl78)

.debug_frame    0x00000000      0x53c
 .debug_frame   0x00000000      0x16c ./src/OW.o
 .debug_frame   0x0000016c       0x4c ./src/UART.o
 .debug_frame   0x000001b8       0x24 ./src/r_cg_cgc.o
 .debug_frame   0x000001dc       0x2c ./src/r_cg_cgc_user.o
 .debug_frame   0x00000208       0x24 ./src/r_cg_port.o
 .debug_frame   0x0000022c       0x6c ./src/r_cg_serial.o
 .debug_frame   0x00000298       0x7c ./src/r_cg_serial_user.o
 .debug_frame   0x00000314       0x64 ./src/r_cg_timer.o
 .debug_frame   0x00000378       0x88 ./src/r_cg_timer_user.o
 .debug_frame   0x00000400       0x48 ./src/r_cg_vector_table.o
 .debug_frame   0x00000448       0x34 ./src/r_cg_wdt.o
 .debug_frame   0x0000047c       0x48 ./src/r_cg_wdt_user.o
 .debug_frame   0x000004c4       0x3c ./src/r_hardware_setup.o
 .debug_frame   0x00000500       0x3c ./src/r_main.o

.debug_info     0x00000000     0x198b
 .debug_info    0x00000000      0x5db ./src/OW.o
 .debug_info    0x000005db       0xfa ./src/UART.o
 .debug_info    0x000006d5      0x133 ./src/r_cg_cgc.o
 .debug_info    0x00000808       0x7b ./src/r_cg_cgc_user.o
 .debug_info    0x00000883      0x2d3 ./src/r_cg_port.o
 .debug_info    0x00000b56       0x48 ./src/r_cg_port_user.o
 .debug_info    0x00000b9e      0x2f5 ./src/r_cg_serial.o
 .debug_info    0x00000e93       0x8b ./src/r_cg_serial_user.o
 .debug_info    0x00000f1e      0x3ce ./src/r_cg_timer.o
 .debug_info    0x000012ec       0x8f ./src/r_cg_timer_user.o
 .debug_info    0x0000137b      0x108 ./src/r_cg_vector_table.o
 .debug_info    0x00001483      0x20e ./src/r_cg_wdt.o
 .debug_info    0x00001691       0x61 ./src/r_cg_wdt_user.o
 .debug_info    0x000016f2       0x7d ./src/r_hardware_setup.o
 .debug_info    0x0000176f      0x1a2 ./src/r_main.o
 .debug_info    0x00001911       0x7a ./src/r_reset_program.o

.debug_abbrev   0x00000000      0x93e
 .debug_abbrev  0x00000000      0x17a ./src/OW.o
 .debug_abbrev  0x0000017a       0xcb ./src/UART.o
 .debug_abbrev  0x00000245       0x82 ./src/r_cg_cgc.o
 .debug_abbrev  0x000002c7       0x53 ./src/r_cg_cgc_user.o
 .debug_abbrev  0x0000031a       0x8f ./src/r_cg_port.o
 .debug_abbrev  0x000003a9       0x1b ./src/r_cg_port_user.o
 .debug_abbrev  0x000003c4      0x132 ./src/r_cg_serial.o
 .debug_abbrev  0x000004f6       0x70 ./src/r_cg_serial_user.o
 .debug_abbrev  0x00000566       0xcd ./src/r_cg_timer.o
 .debug_abbrev  0x00000633       0x53 ./src/r_cg_timer_user.o
 .debug_abbrev  0x00000686       0x7c ./src/r_cg_vector_table.o
 .debug_abbrev  0x00000702       0xa4 ./src/r_cg_wdt.o
 .debug_abbrev  0x000007a6       0x37 ./src/r_cg_wdt_user.o
 .debug_abbrev  0x000007dd       0x5c ./src/r_hardware_setup.o
 .debug_abbrev  0x00000839       0xf1 ./src/r_main.o
 .debug_abbrev  0x0000092a       0x14 ./src/r_reset_program.o

.debug_aranges  0x00000000      0x1f8
 .debug_aranges
                0x00000000       0x20 ./src/OW.o
 .debug_aranges
                0x00000020       0x20 ./src/UART.o
 .debug_aranges
                0x00000040       0x20 ./src/r_cg_cgc.o
 .debug_aranges
                0x00000060       0x20 ./src/r_cg_cgc_user.o
 .debug_aranges
                0x00000080       0x20 ./src/r_cg_port.o
 .debug_aranges
                0x000000a0       0x18 ./src/r_cg_port_user.o
 .debug_aranges
                0x000000b8       0x20 ./src/r_cg_serial.o
 .debug_aranges
                0x000000d8       0x20 ./src/r_cg_serial_user.o
 .debug_aranges
                0x000000f8       0x20 ./src/r_cg_timer.o
 .debug_aranges
                0x00000118       0x20 ./src/r_cg_timer_user.o
 .debug_aranges
                0x00000138       0x20 ./src/r_cg_vector_table.o
 .debug_aranges
                0x00000158       0x20 ./src/r_cg_wdt.o
 .debug_aranges
                0x00000178       0x20 ./src/r_cg_wdt_user.o
 .debug_aranges
                0x00000198       0x20 ./src/r_hardware_setup.o
 .debug_aranges
                0x000001b8       0x20 ./src/r_main.o
 .debug_aranges
                0x000001d8       0x20 ./src/r_reset_program.o

.debug_line     0x00000000      0xf5f
 .debug_line    0x00000000      0x4d0 ./src/OW.o
 .debug_line    0x000004d0       0x9e ./src/UART.o
 .debug_line    0x0000056e       0x74 ./src/r_cg_cgc.o
 .debug_line    0x000005e2       0x69 ./src/r_cg_cgc_user.o
 .debug_line    0x0000064b       0xc3 ./src/r_cg_port.o
 .debug_line    0x0000070e       0x1d ./src/r_cg_port_user.o
 .debug_line    0x0000072b      0x1b9 ./src/r_cg_serial.o
 .debug_line    0x000008e4       0x62 ./src/r_cg_serial_user.o
 .debug_line    0x00000946      0x1c0 ./src/r_cg_timer.o
 .debug_line    0x00000b06       0x67 ./src/r_cg_timer_user.o
 .debug_line    0x00000b6d       0x68 ./src/r_cg_vector_table.o
 .debug_line    0x00000bd5       0x86 ./src/r_cg_wdt.o
 .debug_line    0x00000c5b       0x4d ./src/r_cg_wdt_user.o
 .debug_line    0x00000ca8       0x9e ./src/r_hardware_setup.o
 .debug_line    0x00000d46       0xba ./src/r_main.o
 .debug_line    0x00000e00      0x15f ./src/r_reset_program.o

.debug_str      0x00000000      0x6e5
 .debug_str     0x00000000      0x249 ./src/OW.o
                                0x26d (size before relaxing)
 .debug_str     0x00000249       0x28 ./src/UART.o
                                0x178 (size before relaxing)
 .debug_str     0x00000271       0x2d ./src/r_cg_cgc.o
                                0x15a (size before relaxing)
 .debug_str     0x0000029e       0x40 ./src/r_cg_cgc_user.o
                                0x165 (size before relaxing)
 .debug_str     0x000002de       0x5f ./src/r_cg_port.o
                                0x1c8 (size before relaxing)
 .debug_str     0x0000033d       0x18 ./src/r_cg_port_user.o
                                0x13d (size before relaxing)
 .debug_str     0x00000355      0x108 ./src/r_cg_serial.o
                                0x265 (size before relaxing)
 .debug_str     0x0000045d       0x4a ./src/r_cg_serial_user.o
                                0x177 (size before relaxing)
 .debug_str     0x000004a7       0xdb ./src/r_cg_timer.o
                                0x243 (size before relaxing)
 .debug_str     0x00000582       0x52 ./src/r_cg_timer_user.o
                                0x17f (size before relaxing)
 .debug_str     0x000005d4       0x4c ./src/r_cg_vector_table.o
                                0x18a (size before relaxing)
 .debug_str     0x00000620       0x3d ./src/r_cg_wdt.o
                                0x1a1 (size before relaxing)
 .debug_str     0x0000065d       0x27 ./src/r_cg_wdt_user.o
                                0x14c (size before relaxing)
 .debug_str     0x00000684       0x35 ./src/r_hardware_setup.o
                                0x15a (size before relaxing)
 .debug_str     0x000006b9       0x2c ./src/r_main.o
                                0x18d (size before relaxing)

.comment        0x00000000       0xa0
 .comment       0x00000000       0xa0 ./src/OW.o
                                 0xa1 (size before relaxing)
 .comment       0x00000000       0xa1 ./src/UART.o
 .comment       0x00000000       0xa1 ./src/r_cg_cgc.o
 .comment       0x00000000       0xa1 ./src/r_cg_cgc_user.o
 .comment       0x00000000       0xa1 ./src/r_cg_port.o
 .comment       0x00000000       0xa1 ./src/r_cg_port_user.o
 .comment       0x00000000       0xa1 ./src/r_cg_serial.o
 .comment       0x00000000       0xa1 ./src/r_cg_serial_user.o
 .comment       0x00000000       0xa1 ./src/r_cg_timer.o
 .comment       0x00000000       0xa1 ./src/r_cg_timer_user.o
 .comment       0x00000000       0xa1 ./src/r_cg_vector_table.o
 .comment       0x00000000       0xa1 ./src/r_cg_wdt.o
 .comment       0x00000000       0xa1 ./src/r_cg_wdt_user.o
 .comment       0x00000000       0xa1 ./src/r_hardware_setup.o
 .comment       0x00000000       0xa1 ./src/r_main.o
 .comment       0x00000000       0xa1 libtest.a(sprintf.o)
 .comment       0x00000000       0xa1 libtest.a(frmwri.o)
 .comment       0x00000000       0xa1 C:\PROGRA~2\GCCFOR~1.201\rl78-elf\rl78-elf/lib/gcc/rl78-elf/4.9.2.201703-GNURL78/g13\libgcc.a(_sf_to_df.o)
 .comment       0x00000000       0xa1 C:\PROGRA~2\GCCFOR~1.201\rl78-elf\rl78-elf/lib/gcc/rl78-elf/4.9.2.201703-GNURL78/g13\libgcc.a(_addsub_df.o)
 .comment       0x00000000       0xa1 C:\PROGRA~2\GCCFOR~1.201\rl78-elf\rl78-elf/lib/gcc/rl78-elf/4.9.2.201703-GNURL78/g13\libgcc.a(_mul_df.o)
 .comment       0x00000000       0xa1 C:\PROGRA~2\GCCFOR~1.201\rl78-elf\rl78-elf/lib/gcc/rl78-elf/4.9.2.201703-GNURL78/g13\libgcc.a(_div_df.o)
 .comment       0x00000000       0xa1 C:\PROGRA~2\GCCFOR~1.201\rl78-elf\rl78-elf/lib/gcc/rl78-elf/4.9.2.201703-GNURL78/g13\libgcc.a(_ne_df.o)
 .comment       0x00000000       0xa1 C:\PROGRA~2\GCCFOR~1.201\rl78-elf\rl78-elf/lib/gcc/rl78-elf/4.9.2.201703-GNURL78/g13\libgcc.a(_ge_df.o)
 .comment       0x00000000       0xa1 C:\PROGRA~2\GCCFOR~1.201\rl78-elf\rl78-elf/lib/gcc/rl78-elf/4.9.2.201703-GNURL78/g13\libgcc.a(_lt_df.o)
 .comment       0x00000000       0xa1 C:\PROGRA~2\GCCFOR~1.201\rl78-elf\rl78-elf/lib/gcc/rl78-elf/4.9.2.201703-GNURL78/g13\libgcc.a(_le_df.o)
 .comment       0x00000000       0xa1 C:\PROGRA~2\GCCFOR~1.201\rl78-elf\rl78-elf/lib/gcc/rl78-elf/4.9.2.201703-GNURL78/g13\libgcc.a(_si_to_df.o)
 .comment       0x00000000       0xa1 C:\PROGRA~2\GCCFOR~1.201\rl78-elf\rl78-elf/lib/gcc/rl78-elf/4.9.2.201703-GNURL78/g13\libgcc.a(_df_to_si.o)
 .comment       0x00000000       0xa1 C:\PROGRA~2\GCCFOR~1.201\rl78-elf\rl78-elf/lib/gcc/rl78-elf/4.9.2.201703-GNURL78/g13\libgcc.a(_make_df.o)
 .comment       0x00000000       0xa1 C:\PROGRA~2\GCCFOR~1.201\rl78-elf\rl78-elf/lib/gcc/rl78-elf/4.9.2.201703-GNURL78/g13\libgcc.a(_thenan_df.o)
 .comment       0x00000000       0xa1 C:\PROGRA~2\GCCFOR~1.201\rl78-elf\rl78-elf/lib/gcc/rl78-elf/4.9.2.201703-GNURL78/g13\libgcc.a(_unpack_sf.o)
 .comment       0x00000000       0xa1 C:\PROGRA~2\GCCFOR~1.201\rl78-elf\rl78-elf/lib/gcc/rl78-elf/4.9.2.201703-GNURL78/g13\libgcc.a(_pack_df.o)
 .comment       0x00000000       0xa1 C:\PROGRA~2\GCCFOR~1.201\rl78-elf\rl78-elf/lib/gcc/rl78-elf/4.9.2.201703-GNURL78/g13\libgcc.a(_unpack_df.o)
 .comment       0x00000000       0xa1 C:\PROGRA~2\GCCFOR~1.201\rl78-elf\rl78-elf/lib/gcc/rl78-elf/4.9.2.201703-GNURL78/g13\libgcc.a(_fpcmp_parts_df.o)
